06-26 02:54:02.966   366  1303 D goldfish-address-space: claimShared: Ask to claim region [0x3e6de4000 0x3e77c8000]
06-26 02:54:03.006   366  1303 D goldfish-address-space: claimShared: Ask to claim region [0x3e9dac000 0x3ea790000]
06-26 02:54:03.027   366   366 D goldfish-address-space: claimShared: Ask to claim region [0x3ea790000 0x3eb174000]
06-26 02:54:03.041   796   864 D EGL_emulation: app_time_stats: avg=17.81ms min=3.51ms max=94.62ms count=42
06-26 02:54:03.055   575   601 W ActivityManager: Unable to start service Intent { act=android.service.smartspace.SmartspaceService cmp=com.google.android.as/com.google.android.apps.miphone.aiai.app.AiAiSmartspaceService } U=0: not found
06-26 02:54:03.060   366  1303 D goldfish-address-space: claimShared: Ask to claim region [0x3ec000000 0x3ec9e4000]
06-26 02:54:03.061   575   601 W RemoteSmartspaceService: could not bind to Intent { act=android.service.smartspace.SmartspaceService cmp=com.google.android.as/com.google.android.apps.miphone.aiai.app.AiAiSmartspaceService } using flags 67112961
06-26 02:54:03.062   575   575 W ActivityManager: Unbind failed: could not find connection for android.app.LoadedApk$ServiceDispatcher$InnerConnection@7b64c1
06-26 02:54:03.095   366  1303 D goldfish-address-space: claimShared: Ask to claim region [0x3e5038000 0x3e5a1c000]
06-26 02:54:03.110  1506  1506 I GsaVoiceInteractionSrv: Handling ACTION_START_HOTWORD
06-26 02:54:03.110  1506  1506 I GsaVoiceInteractionSrv: disregardVoiceMatch: false
06-26 02:54:03.110  1506  1506 I GsaVoiceInteractionSrv: Cannot start hotword, hotword has been explicitly disabled.
06-26 02:54:03.125  1664  1682 I OpenGLRenderer: Davey! duration=104063ms; Flags=1, FrameTimelineVsyncId=13876, IntendedVsync=24415954075698, Vsync=24415954075698, InputEventId=1725356703, HandleInputStart=24415955078200, AnimationStart=24415955101300, PerformTraversalsStart=24415955183000, DrawStart=24416019454000, FrameDeadline=24415987409030, FrameInterval=24415955039700, FrameStartTime=16666666, SyncQueued=24416020251800, SyncStart=24416030808200, IssueDrawCommandsStart=24416031420300, SwapBuffers=24416031828000, FrameCompleted=24520027833600, DequeueBufferDuration=48365100, QueueBufferDuration=2055800, GpuCompleted=24520027833600, SwapBuffersCompleted=24416084300500, DisplayPresentTime=0, 
06-26 02:54:03.142  1384  1384 I GoogleInputMethodService: GoogleInputMethodService.onFinishInput():3420 
06-26 02:54:03.143  1384  1384 I GoogleInputMethodService: GoogleInputMethodService.onStartInput():2002 
06-26 02:54:03.145  1384  1384 I DeviceUnlockedTag: DeviceUnlockedTag.notifyDeviceLockStatusChanged():31 Notify device unlocked.
06-26 02:54:03.178   796   864 D EGL_emulation: app_time_stats: avg=192.04ms min=17.21ms max=902.02ms count=6
06-26 02:54:04.890   575   612 W ActivityTaskManager: Activity transferring splash screen timeout for ActivityRecord{e60ccfc u0 com.agronex.farmconnect/.MainActivity t-1 f}} state 1
06-26 02:54:06.629     0     0 I logd    : logdr: UID=2000 GID=2000 PID=8017 n tail=0 logMask=99 pid=0 start=0ns deadline=0ns
06-26 02:54:10.885   772   772 I wpa_supplicant: wlan0: CTRL-EVENT-BEACON-LOSS 
06-26 02:54:19.077   772   772 I wpa_supplicant: wlan0: CTRL-EVENT-BEACON-LOSS 
06-26 02:54:24.952  1384  8020 D androidtc: Initializing SystemTextClassifier, type = System
06-26 02:54:27.013   772   772 I wpa_supplicant: wlan0: CTRL-EVENT-BEACON-LOSS 
06-26 02:54:34.949   772   772 I wpa_supplicant: wlan0: CTRL-EVENT-BEACON-LOSS 
06-26 02:54:38.938   796   864 D EGL_emulation: app_time_stats: avg=5959.03ms min=13.78ms max=35631.74ms count=6
06-26 02:54:42.885   772   772 I wpa_supplicant: wlan0: CTRL-EVENT-BEACON-LOSS 
06-26 02:54:51.078   772   772 I wpa_supplicant: wlan0: CTRL-EVENT-BEACON-LOSS 
06-26 02:54:59.015   772   772 I wpa_supplicant: wlan0: CTRL-EVENT-BEACON-LOSS 
06-26 02:55:00.022   796   864 D EGL_emulation: app_time_stats: avg=21083.31ms min=21083.31ms max=21083.31ms count=1
06-26 02:55:06.129  1192  7054 I AlarmManager: setExactAndAllowWhileIdle [name: GCM_HB_ALARM type: 2 triggerAtMillis: 25623081]
06-26 02:55:06.131  1192  7054 E GmsTaskScheduler: sendWakeUpEvent called on SchedulerClientBroadcastStrategy
06-26 02:55:06.131  1192  7054 E GmsTaskScheduler: sendWakeUpEvent called on SchedulerClientBroadcastStrategy
06-26 02:55:06.131  1192  7054 I AlarmManager: setExactAndAllowWhileIdle [name: GCM_HB_ALARM type: 2 triggerAtMillis: 25623083]
06-26 02:55:06.950   772   772 I wpa_supplicant: wlan0: CTRL-EVENT-BEACON-LOSS 
06-26 02:55:07.688     0     0 I logd    : logdr: UID=2000 GID=2000 PID=8021 n tail=0 logMask=99 pid=0 start=0ns deadline=0ns
06-26 02:55:14.885   772   772 I wpa_supplicant: wlan0: CTRL-EVENT-BEACON-LOSS 
06-26 02:55:23.058  1096  1614 D EGL_emulation: app_time_stats: avg=8884.39ms min=5.54ms max=79768.28ms count=9
06-26 02:55:23.077   772   772 I wpa_supplicant: wlan0: CTRL-EVENT-BEACON-LOSS 
06-26 02:55:31.014   772   772 I wpa_supplicant: wlan0: CTRL-EVENT-BEACON-LOSS 
06-26 02:55:34.791     0     0 W healthd : battery l=100 v=5000 t=25.0 h=2 st=4 c=900000 fc=300000 cc=10 chg=
06-26 02:55:38.949   772   772 I wpa_supplicant: wlan0: CTRL-EVENT-BEACON-LOSS 
06-26 02:55:39.224     0     0 I logd    : logdr: UID=2000 GID=2000 PID=8024 n tail=0 logMask=99 pid=0 start=0ns deadline=0ns
